// Jest Snapshot v1, https://goo.gl/fbAQLP

exports[`AppContainer renders correctly 1`] = `
.c0 {
  background-color: #0D0E0F;
  position: absolute;
  top: 0;
  right: 0;
  bottom: 0;
  left: 0;
  max-width: 100%;
}

.c0,
.c0 * {
  box-sizing: border-box;
  font-family: sans-serif;
}

@media (min-width:120.0625em) {
  .c0 {
    padding: 90px 0;
  }
}

@media (max-width:120em) {
  .c0 {
    padding: 70px 0;
  }
}

@media (max-width:90em) {
  .c0 {
    padding: 35px 0;
  }
}

@media (max-width:75.625em) {
  .c0 {
    padding: 0;
  }
}

@media (max-width:47.9375em) {
  .c0 {
    padding: 0;
  }
}

<div
  className="c0"
/>
`;
