// Jest Snapshot v1, https://goo.gl/fbAQLP

exports[`MaxWidthContainer renders correctly 1`] = `
.c0 {
  margin: 0 auto;
  width: 100%;
}

@media (min-width:120.0625em) {
  .c0 {
    max-width: 1700px;
  }
}

@media (max-width:120em) {
  .c0 {
    max-width: 1400px;
  }
}

@media (max-width:90em) {
  .c0 {
    max-width: 1100px;
  }
}

<div
  className="c0"
/>
`;
